=== bench_matching_engine ===
CPU: Apple M4
calibrated frequency this run: 4.290 GHz
target symbol: SPY (stock_locate=7397)
warmup: 45911 messages replayed, resting depth reached 133 (target 3000, NOT REACHED) -- stopped due to: Add reserve for the timed slice exhausted, (0 Replace with unknown original side, skipped)
Adds used in warmup: 20886 of 29837 total (reserve for Add slice: 8951)
real_adds collected (whole file, this symbol): 29837
real Replace price deltas collected (whole file, this symbol): 1598
resting orders in warmed book: 133 across 110 price levels (1.21 orders/level)

--- results (mean cycles/op, single aggregate bracket per variant) ---
  Add_real           ops=    8951  mean=   258.1 cycles (  60.2 ns)  l1d_refills= 2.323/op   storage_allocs=0.0000/op  
  Add_widened        ops=    8951  mean=   389.4 cycles (  90.8 ns)  l1d_refills= 2.892/op   storage_allocs=0.0000/op  
  [Cancel_traversal   pool=133 ops/round x 226 rounds]
  Cancel_traversal   ops=   30058  mean=   177.9 cycles (  41.5 ns)  l1d_refills= 0.141/op   storage_allocs=0.0000/op  
  [Cancel_shuffled    pool=133 ops/round x 226 rounds]
  Cancel_shuffled    ops=   30058  mean=   167.1 cycles (  39.0 ns)  l1d_refills= 0.228/op   storage_allocs=0.0000/op  
  [Reduce_traversal   pool=133 ops/round x 226 rounds]
  Reduce_traversal   ops=   30058  mean=    75.5 cycles (  17.6 ns)  l1d_refills= 0.122/op   storage_allocs=0.0000/op  
  [Reduce_shuffled    pool=133 ops/round x 226 rounds]
  Reduce_shuffled    ops=   30058  mean=    81.8 cycles (  19.1 ns)  l1d_refills= 0.092/op   storage_allocs=0.0000/op  
  [Replace_traversal  pool=133 ops/round x 226 rounds]
  Replace_traversal  ops=   30058  mean=   527.6 cycles ( 123.0 ns)  l1d_refills= 0.690/op   storage_allocs=0.0000/op  
  [Replace_shuffled   pool=133 ops/round x 226 rounds]
  Replace_shuffled   ops=   30058  mean=   506.2 cycles ( 118.0 ns)  l1d_refills= 0.902/op   storage_allocs=0.0000/op  

wrote bench/step2_spy_run_3.csv
