=== bench_matching_engine ===
CPU: Apple M4
calibrated frequency this run: 4.247 GHz
arena generation tags: OFF
target symbol: SPY (stock_locate=7397)
warmup: 45911 messages replayed, resting depth reached 133 (target 3000, NOT REACHED) -- stopped due to: Add reserve for the timed slice exhausted, (0 Replace with unknown original side, skipped)
Adds used in warmup: 20886 of 29837 total (reserve for Add slice: 8951)
real_adds collected (whole file, this symbol): 29837
real Replace price deltas collected (whole file, this symbol): 1598
resting orders in warmed book: 133 across 110 price levels (1.21 orders/level)

--- results (mean cycles/op, single aggregate bracket per variant) ---
  Add_real           ops=    8951  mean=   187.9 cycles (  44.2 ns)  l1d_refills= 1.271/op   storage_allocs=0.0000/op  
  Add_widened        ops=    8951  mean=   283.8 cycles (  66.8 ns)  l1d_refills= 2.553/op   storage_allocs=0.0000/op  
  [Cancel_traversal   pool=133 ops/round x 226 rounds]
  Cancel_traversal   ops=   30058  mean=   166.6 cycles (  39.2 ns)  l1d_refills= 0.024/op   storage_allocs=0.0000/op  
  [Cancel_shuffled    pool=133 ops/round x 226 rounds]
  Cancel_shuffled    ops=   30058  mean=   157.3 cycles (  37.0 ns)  l1d_refills= 0.079/op   storage_allocs=0.0000/op  
  [Reduce_traversal   pool=133 ops/round x 226 rounds]
  Reduce_traversal   ops=   30058  mean=    75.0 cycles (  17.7 ns)  l1d_refills= 0.093/op   storage_allocs=0.0000/op  
  [Reduce_shuffled    pool=133 ops/round x 226 rounds]
  Reduce_shuffled    ops=   30058  mean=    77.9 cycles (  18.3 ns)  l1d_refills= 0.090/op   storage_allocs=0.0000/op  
  [Replace_traversal  pool=133 ops/round x 226 rounds]
  Replace_traversal  ops=   30058  mean=   494.5 cycles ( 116.4 ns)  l1d_refills= 0.228/op   storage_allocs=0.0000/op  
  [Replace_shuffled   pool=133 ops/round x 226 rounds]
  Replace_shuffled   ops=   30058  mean=   482.5 cycles ( 113.6 ns)  l1d_refills= 0.233/op   storage_allocs=0.0000/op  

wrote bench/step4_spy_run_4.csv
