=== bench_matching_engine ===
CPU: Apple M4
calibrated frequency this run: 4.194 GHz
arena generation tags: OFF
target symbol: SPY (stock_locate=7397)
warmup: 45911 messages replayed, resting depth reached 133 (target 3000, NOT REACHED) -- stopped due to: Add reserve for the timed slice exhausted, (0 Replace with unknown original side, skipped)
Adds used in warmup: 20886 of 29837 total (reserve for Add slice: 8951)
real_adds collected (whole file, this symbol): 29837
real Replace price deltas collected (whole file, this symbol): 1598
resting orders in warmed book: 133 across 110 price levels (1.21 orders/level)

--- results (mean cycles/op, single aggregate bracket per variant) ---
  Add_real           ops=    8951  mean=   295.8 cycles (  70.5 ns)  l1d_refills= 1.885/op   storage_allocs=0.0000/op  
  Add_widened        ops=    8951  mean=   306.3 cycles (  73.0 ns)  l1d_refills= 2.614/op   storage_allocs=0.0000/op  
  [Cancel_traversal   pool=133 ops/round x 226 rounds]
  Cancel_traversal   ops=   30058  mean=   161.3 cycles (  38.5 ns)  l1d_refills= 0.056/op   storage_allocs=0.0000/op  
  [Cancel_shuffled    pool=133 ops/round x 226 rounds]
  Cancel_shuffled    ops=   30058  mean=   156.8 cycles (  37.4 ns)  l1d_refills= 0.091/op   storage_allocs=0.0000/op  
  [Reduce_traversal   pool=133 ops/round x 226 rounds]
  Reduce_traversal   ops=   30058  mean=    78.2 cycles (  18.6 ns)  l1d_refills= 0.140/op   storage_allocs=0.0000/op  
  [Reduce_shuffled    pool=133 ops/round x 226 rounds]
  Reduce_shuffled    ops=   30058  mean=    82.9 cycles (  19.8 ns)  l1d_refills= 0.148/op   storage_allocs=0.0000/op  
  [Replace_traversal  pool=133 ops/round x 226 rounds]
  Replace_traversal  ops=   30058  mean=   507.3 cycles ( 121.0 ns)  l1d_refills= 0.284/op   storage_allocs=0.0000/op  
  [Replace_shuffled   pool=133 ops/round x 226 rounds]
  Replace_shuffled   ops=   30058  mean=   486.6 cycles ( 116.0 ns)  l1d_refills= 0.293/op   storage_allocs=0.0000/op  [MIGRATED]

wrote bench/step4_spy_run_8.csv
