=== bench_matching_engine ===
CPU: Apple M4
calibrated frequency this run: 4.326 GHz
arena generation tags: OFF
target symbol: SPY (stock_locate=7397)
warmup: 45911 messages replayed, resting depth reached 133 (target 3000, NOT REACHED) -- stopped due to: Add reserve for the timed slice exhausted, (0 Replace with unknown original side, skipped)
Adds used in warmup: 20886 of 29837 total (reserve for Add slice: 8951)
real_adds collected (whole file, this symbol): 29837
real Replace price deltas collected (whole file, this symbol): 1598
resting orders in warmed book: 133 across 110 price levels (1.21 orders/level)

--- results (mean cycles/op, single aggregate bracket per variant) ---
  Add_real           ops=    8951  mean=   178.7 cycles (  41.3 ns)  l1d_refills= 1.209/op   storage_allocs=0.0000/op  
  Add_widened        ops=    8951  mean=   299.1 cycles (  69.1 ns)  l1d_refills= 2.641/op   storage_allocs=0.0000/op  
  [Cancel_traversal   pool=133 ops/round x 226 rounds]
  Cancel_traversal   ops=   30058  mean=   164.6 cycles (  38.0 ns)  l1d_refills= 0.018/op   storage_allocs=0.0000/op  
  [Cancel_shuffled    pool=133 ops/round x 226 rounds]
  Cancel_shuffled    ops=   30058  mean=   157.3 cycles (  36.4 ns)  l1d_refills= 0.077/op   storage_allocs=0.0000/op  
  [Reduce_traversal   pool=133 ops/round x 226 rounds]
  Reduce_traversal   ops=   30058  mean=    72.2 cycles (  16.7 ns)  l1d_refills= 0.050/op   storage_allocs=0.0000/op  
  [Reduce_shuffled    pool=133 ops/round x 226 rounds]
  Reduce_shuffled    ops=   30058  mean=    76.5 cycles (  17.7 ns)  l1d_refills= 0.059/op   storage_allocs=0.0000/op  
  [Replace_traversal  pool=133 ops/round x 226 rounds]
  Replace_traversal  ops=   30058  mean=   495.8 cycles ( 114.6 ns)  l1d_refills= 0.219/op   storage_allocs=0.0000/op  
  [Replace_shuffled   pool=133 ops/round x 226 rounds]
  Replace_shuffled   ops=   30058  mean=   481.9 cycles ( 111.4 ns)  l1d_refills= 0.206/op   storage_allocs=0.0000/op  

wrote bench/step4_spy_run_6.csv
