=== bench_matching_engine ===
CPU: Apple M4
calibrated frequency this run: 4.316 GHz
target symbol: SPY (stock_locate=7397)
warmup: 45911 messages replayed, resting depth reached 133 (target 3000, NOT REACHED) -- stopped due to: Add reserve for the timed slice exhausted, (0 Replace with unknown original side, skipped)
Adds used in warmup: 20886 of 29837 total (reserve for Add slice: 8951)
real_adds collected (whole file, this symbol): 29837
real Replace price deltas collected (whole file, this symbol): 1598
resting orders in warmed book: 133 across 110 price levels (1.21 orders/level)

--- results (mean cycles/op, single aggregate bracket per variant) ---
  Add_real           ops=    8951  mean=   257.2 cycles (  59.6 ns)  l1d_refills= 2.362/op   storage_allocs=0.0000/op  
  Add_widened        ops=    8951  mean=   411.3 cycles (  95.3 ns)  l1d_refills= 2.951/op   storage_allocs=0.0000/op  
  [Cancel_traversal   pool=133 ops/round x 226 rounds]
  Cancel_traversal   ops=   30058  mean=   189.0 cycles (  43.8 ns)  l1d_refills= 0.117/op   storage_allocs=0.0000/op  
  [Cancel_shuffled    pool=133 ops/round x 226 rounds]
  Cancel_shuffled    ops=   30058  mean=   179.8 cycles (  41.7 ns)  l1d_refills= 0.177/op   storage_allocs=0.0000/op  
  [Reduce_traversal   pool=133 ops/round x 226 rounds]
  Reduce_traversal   ops=   30058  mean=    75.6 cycles (  17.5 ns)  l1d_refills= 0.157/op   storage_allocs=0.0000/op  
  [Reduce_shuffled    pool=133 ops/round x 226 rounds]
  Reduce_shuffled    ops=   30058  mean=    85.1 cycles (  19.7 ns)  l1d_refills= 0.176/op   storage_allocs=0.0000/op  
  [Replace_traversal  pool=133 ops/round x 226 rounds]
  Replace_traversal  ops=   30058  mean=   546.2 cycles ( 126.6 ns)  l1d_refills= 0.605/op   storage_allocs=0.0000/op  
  [Replace_shuffled   pool=133 ops/round x 226 rounds]
  Replace_shuffled   ops=   30058  mean=   528.8 cycles ( 122.5 ns)  l1d_refills= 0.810/op   storage_allocs=0.0000/op  

wrote bench/step2_spy_run_19.csv
