=== bench_matching_engine ===
CPU: Apple M4
calibrated frequency this run: 4.271 GHz
target symbol: SPY (stock_locate=7397)
warmup: 45911 messages replayed, resting depth reached 133 (target 3000, NOT REACHED) -- stopped due to: Add reserve for the timed slice exhausted, (0 Replace with unknown original side, skipped)
Adds used in warmup: 20886 of 29837 total (reserve for Add slice: 8951)
real_adds collected (whole file, this symbol): 29837
real Replace price deltas collected (whole file, this symbol): 1598
resting orders in warmed book: 133 across 110 price levels (1.21 orders/level)

--- results (mean cycles/op, single aggregate bracket per variant) ---
  Add_real           ops=    8951  mean=   257.4 cycles (  60.3 ns)  l1d_refills= 2.371/op   storage_allocs=0.0000/op  
  Add_widened        ops=    8951  mean=   404.5 cycles (  94.7 ns)  l1d_refills= 2.876/op   storage_allocs=0.0000/op  
  [Cancel_traversal   pool=133 ops/round x 226 rounds]
  Cancel_traversal   ops=   30058  mean=   174.8 cycles (  40.9 ns)  l1d_refills= 0.132/op   storage_allocs=0.0000/op  
  [Cancel_shuffled    pool=133 ops/round x 226 rounds]
  Cancel_shuffled    ops=   30058  mean=   169.5 cycles (  39.7 ns)  l1d_refills= 0.199/op   storage_allocs=0.0000/op  
  [Reduce_traversal   pool=133 ops/round x 226 rounds]
  Reduce_traversal   ops=   30058  mean=    74.9 cycles (  17.5 ns)  l1d_refills= 0.128/op   storage_allocs=0.0000/op  
  [Reduce_shuffled    pool=133 ops/round x 226 rounds]
  Reduce_shuffled    ops=   30058  mean=    82.4 cycles (  19.3 ns)  l1d_refills= 0.153/op   storage_allocs=0.0000/op  
  [Replace_traversal  pool=133 ops/round x 226 rounds]
  Replace_traversal  ops=   30058  mean=   530.2 cycles ( 124.2 ns)  l1d_refills= 0.575/op   storage_allocs=0.0000/op  
  [Replace_shuffled   pool=133 ops/round x 226 rounds]
  Replace_shuffled   ops=   30058  mean=   510.8 cycles ( 119.6 ns)  l1d_refills= 0.750/op   storage_allocs=0.0000/op  

wrote bench/step2_spy_run_10.csv
