=== bench_matching_engine ===
CPU: Apple M4
calibrated frequency this run: 4.310 GHz
arena generation tags: OFF
target symbol: SPY (stock_locate=7397)
warmup: 45911 messages replayed, resting depth reached 133 (target 3000, NOT REACHED) -- stopped due to: Add reserve for the timed slice exhausted, (0 Replace with unknown original side, skipped)
Adds used in warmup: 20886 of 29837 total (reserve for Add slice: 8951)
real_adds collected (whole file, this symbol): 29837
real Replace price deltas collected (whole file, this symbol): 1598
resting orders in warmed book: 133 across 110 price levels (1.21 orders/level)

--- results (mean cycles/op, single aggregate bracket per variant) ---
  Add_real           ops=    8951  mean=   187.2 cycles (  43.4 ns)  l1d_refills= 1.266/op   storage_allocs=0.0000/op  
  Add_widened        ops=    8951  mean=   288.7 cycles (  67.0 ns)  l1d_refills= 2.559/op   storage_allocs=0.0000/op  
  [Cancel_traversal   pool=133 ops/round x 226 rounds]
  Cancel_traversal   ops=   30058  mean=   164.5 cycles (  38.2 ns)  l1d_refills= 0.024/op   storage_allocs=0.0000/op  
  [Cancel_shuffled    pool=133 ops/round x 226 rounds]
  Cancel_shuffled    ops=   30058  mean=   156.4 cycles (  36.3 ns)  l1d_refills= 0.097/op   storage_allocs=0.0000/op  
  [Reduce_traversal   pool=133 ops/round x 226 rounds]
  Reduce_traversal   ops=   30058  mean=    72.1 cycles (  16.7 ns)  l1d_refills= 0.117/op   storage_allocs=0.0000/op  
  [Reduce_shuffled    pool=133 ops/round x 226 rounds]
  Reduce_shuffled    ops=   30058  mean=    77.9 cycles (  18.1 ns)  l1d_refills= 0.112/op   storage_allocs=0.0000/op  
  [Replace_traversal  pool=133 ops/round x 226 rounds]
  Replace_traversal  ops=   30058  mean=   507.4 cycles ( 117.7 ns)  l1d_refills= 0.272/op   storage_allocs=0.0000/op  
  [Replace_shuffled   pool=133 ops/round x 226 rounds]
  Replace_shuffled   ops=   30058  mean=   490.8 cycles ( 113.9 ns)  l1d_refills= 0.269/op   storage_allocs=0.0000/op  

wrote bench/step4_spy_run_16.csv
