=== bench_matching_engine ===
CPU: Apple M4
calibrated frequency this run: 4.298 GHz
target symbol: SPY (stock_locate=7397)
warmup: 45911 messages replayed, resting depth reached 133 (target 3000, NOT REACHED) -- stopped due to: Add reserve for the timed slice exhausted, (0 Replace with unknown original side, skipped)
Adds used in warmup: 20886 of 29837 total (reserve for Add slice: 8951)
real_adds collected (whole file, this symbol): 29837
real Replace price deltas collected (whole file, this symbol): 1598
resting orders in warmed book: 133 across 110 price levels (1.21 orders/level)

--- results (mean cycles/op, single aggregate bracket per variant) ---
  Add_real           ops=    8951  mean=   253.3 cycles (  58.9 ns)  l1d_refills= 2.344/op   storage_allocs=0.0000/op  
  Add_widened        ops=    8951  mean=   397.4 cycles (  92.5 ns)  l1d_refills= 2.825/op   storage_allocs=0.0000/op  
  [Cancel_traversal   pool=133 ops/round x 226 rounds]
  Cancel_traversal   ops=   30058  mean=   192.3 cycles (  44.7 ns)  l1d_refills= 0.096/op   storage_allocs=0.0000/op  
  [Cancel_shuffled    pool=133 ops/round x 226 rounds]
  Cancel_shuffled    ops=   30058  mean=   186.1 cycles (  43.3 ns)  l1d_refills= 0.193/op   storage_allocs=0.0000/op  
  [Reduce_traversal   pool=133 ops/round x 226 rounds]
  Reduce_traversal   ops=   30058  mean=    74.3 cycles (  17.3 ns)  l1d_refills= 0.107/op   storage_allocs=0.0000/op  
  [Reduce_shuffled    pool=133 ops/round x 226 rounds]
  Reduce_shuffled    ops=   30058  mean=    81.5 cycles (  19.0 ns)  l1d_refills= 0.109/op   storage_allocs=0.0000/op  
  [Replace_traversal  pool=133 ops/round x 226 rounds]
  Replace_traversal  ops=   30058  mean=   548.4 cycles ( 127.6 ns)  l1d_refills= 0.652/op   storage_allocs=0.0000/op  
  [Replace_shuffled   pool=133 ops/round x 226 rounds]
  Replace_shuffled   ops=   30058  mean=   527.0 cycles ( 122.6 ns)  l1d_refills= 0.823/op   storage_allocs=0.0000/op  

wrote bench/step2_spy_run_20.csv
