=== bench_matching_engine ===
CPU: Apple M4
calibrated frequency this run: 4.280 GHz
arena generation tags: OFF
target symbol: SPY (stock_locate=7397)
warmup: 45911 messages replayed, resting depth reached 133 (target 3000, NOT REACHED) -- stopped due to: Add reserve for the timed slice exhausted, (0 Replace with unknown original side, skipped)
Adds used in warmup: 20886 of 29837 total (reserve for Add slice: 8951)
real_adds collected (whole file, this symbol): 29837
real Replace price deltas collected (whole file, this symbol): 1598
resting orders in warmed book: 133 across 110 price levels (1.21 orders/level)

--- results (mean cycles/op, single aggregate bracket per variant) ---
  Add_real           ops=    8951  mean=   179.6 cycles (  42.0 ns)  l1d_refills= 1.260/op   storage_allocs=0.0000/op  
  Add_widened        ops=    8951  mean=   282.8 cycles (  66.1 ns)  l1d_refills= 2.596/op   storage_allocs=0.0000/op  
  [Cancel_traversal   pool=133 ops/round x 226 rounds]
  Cancel_traversal   ops=   30058  mean=   167.4 cycles (  39.1 ns)  l1d_refills= 0.024/op   storage_allocs=0.0000/op  
  [Cancel_shuffled    pool=133 ops/round x 226 rounds]
  Cancel_shuffled    ops=   30058  mean=   158.9 cycles (  37.1 ns)  l1d_refills= 0.100/op   storage_allocs=0.0000/op  
  [Reduce_traversal   pool=133 ops/round x 226 rounds]
  Reduce_traversal   ops=   30058  mean=    73.7 cycles (  17.2 ns)  l1d_refills= 0.148/op   storage_allocs=0.0000/op  
  [Reduce_shuffled    pool=133 ops/round x 226 rounds]
  Reduce_shuffled    ops=   30058  mean=    77.7 cycles (  18.1 ns)  l1d_refills= 0.142/op   storage_allocs=0.0000/op  
  [Replace_traversal  pool=133 ops/round x 226 rounds]
  Replace_traversal  ops=   30058  mean=   492.2 cycles ( 115.0 ns)  l1d_refills= 0.270/op   storage_allocs=0.0000/op  
  [Replace_shuffled   pool=133 ops/round x 226 rounds]
  Replace_shuffled   ops=   30058  mean=   479.6 cycles ( 112.1 ns)  l1d_refills= 0.271/op   storage_allocs=0.0000/op  

wrote bench/step4_spy_run_20.csv
