=== bench_matching_engine ===
CPU: Apple M4
calibrated frequency this run: 4.253 GHz
arena generation tags: OFF
target symbol: SPY (stock_locate=7397)
warmup: 45911 messages replayed, resting depth reached 133 (target 3000, NOT REACHED) -- stopped due to: Add reserve for the timed slice exhausted, (0 Replace with unknown original side, skipped)
Adds used in warmup: 20886 of 29837 total (reserve for Add slice: 8951)
real_adds collected (whole file, this symbol): 29837
real Replace price deltas collected (whole file, this symbol): 1598
resting orders in warmed book: 133 across 110 price levels (1.21 orders/level)

--- results (mean cycles/op, single aggregate bracket per variant) ---
  Add_real           ops=    8951  mean=   176.6 cycles (  41.5 ns)  l1d_refills= 1.219/op   storage_allocs=0.0000/op  
  Add_widened        ops=    8951  mean=   270.5 cycles (  63.6 ns)  l1d_refills= 2.549/op   storage_allocs=0.0000/op  
  [Cancel_traversal   pool=133 ops/round x 226 rounds]
  Cancel_traversal   ops=   30058  mean=   163.5 cycles (  38.4 ns)  l1d_refills= 0.020/op   storage_allocs=0.0000/op  
  [Cancel_shuffled    pool=133 ops/round x 226 rounds]
  Cancel_shuffled    ops=   30058  mean=   155.8 cycles (  36.6 ns)  l1d_refills= 0.102/op   storage_allocs=0.0000/op  
  [Reduce_traversal   pool=133 ops/round x 226 rounds]
  Reduce_traversal   ops=   30058  mean=    70.8 cycles (  16.6 ns)  l1d_refills= 0.069/op   storage_allocs=0.0000/op  
  [Reduce_shuffled    pool=133 ops/round x 226 rounds]
  Reduce_shuffled    ops=   30058  mean=    76.1 cycles (  17.9 ns)  l1d_refills= 0.073/op   storage_allocs=0.0000/op  
  [Replace_traversal  pool=133 ops/round x 226 rounds]
  Replace_traversal  ops=   30058  mean=   490.2 cycles ( 115.3 ns)  l1d_refills= 0.231/op   storage_allocs=0.0000/op  
  [Replace_shuffled   pool=133 ops/round x 226 rounds]
  Replace_shuffled   ops=   30058  mean=   477.2 cycles ( 112.2 ns)  l1d_refills= 0.227/op   storage_allocs=0.0000/op  

wrote bench/step4_spy_run_18.csv
